> Task :compileJava UP-TO-DATE
> Task :processResources UP-TO-DATE
> Task :classes UP-TO-DATE
> Task :resolveMainClassName UP-TO-DATE

> Task :bootRun

  .   ____          _            __ _ _
 /\\ / ___'_ __ _ _(_)_ __  __ _ \ \ \ \
( ( )\___ | '_ | '_| | '_ \/ _` | \ \ \ \
 \\/  ___)| |_)| | | | | || (_| |  ) ) ) )
  '  |____| .__|_| |_|_| |_\__, | / / / /
 =========|_|==============|___/=/_/_/_/

 :: Spring Boot ::                (v3.4.9)

20251029 14:23:27.992 [restartedMain] INFO c.g.b.BackendPlantComunityApplication - Starting BackendPlantComunityApplication using Java 17.0.15 with PID 1676 (D:\01-STUDY\dev\team\backend_plant_comunity\build\classes\java\main started by GRS in D:\01-STUDY\dev\team\backend_plant_comunity) 
20251029 14:23:27.993 [restartedMain] INFO c.g.b.BackendPlantComunityApplication - No active profile set, falling back to 1 default profile: "default" 
20251029 14:23:28.015 [restartedMain] INFO o.s.b.d.e.DevToolsPropertyDefaultsPostProcessor - Devtools property defaults active! Set 'spring.devtools.add-properties' to 'false' to disable 
20251029 14:23:28.015 [restartedMain] INFO o.s.b.d.e.DevToolsPropertyDefaultsPostProcessor - For additional web related logging consider setting the 'logging.level.web' property to 'DEBUG' 
20251029 14:23:28.722 [restartedMain] INFO o.s.b.w.e.t.TomcatWebServer - Tomcat initialized with port 8080 (http) 
20251029 14:23:28.729 [restartedMain] INFO o.a.c.h.Http11NioProtocol - Initializing ProtocolHandler ["http-nio-0.0.0.0-8080"] 
20251029 14:23:28.730 [restartedMain] INFO o.a.c.c.StandardService - Starting service [Tomcat] 
20251029 14:23:28.731 [restartedMain] INFO o.a.c.c.StandardEngine - Starting Servlet engine: [Apache Tomcat/10.1.44] 
20251029 14:23:28.801 [restartedMain] INFO o.a.c.c.C.[.[.[/] - Initializing Spring embedded WebApplicationContext 
20251029 14:23:28.802 [restartedMain] INFO o.s.b.w.s.c.ServletWebServerApplicationContext - Root WebApplicationContext: initialization completed in 786 ms 
20251029 14:23:29.355 [restartedMain] INFO o.s.b.d.a.OptionalLiveReloadServer - LiveReload server is running on port 35729 
20251029 14:23:29.362 [restartedMain] INFO o.s.m.s.b.SimpleBrokerMessageHandler - Starting... 
20251029 14:23:29.363 [restartedMain] INFO o.s.m.s.b.SimpleBrokerMessageHandler - BrokerAvailabilityEvent[available=true, SimpleBrokerMessageHandler [org.springframework.messaging.simp.broker.DefaultSubscriptionRegistry@46e1623b]] 
20251029 14:23:29.363 [restartedMain] INFO o.s.m.s.b.SimpleBrokerMessageHandler - Started. 
20251029 14:23:29.364 [restartedMain] INFO o.a.c.h.Http11NioProtocol - Starting ProtocolHandler ["http-nio-0.0.0.0-8080"] 
20251029 14:23:29.379 [restartedMain] INFO o.s.b.w.e.t.TomcatWebServer - Tomcat started on port 8080 (http) with context path '/' 
20251029 14:23:29.386 [restartedMain] INFO c.g.b.BackendPlantComunityApplication - Started BackendPlantComunityApplication in 1.574 seconds (process running for 1.956) 
20251029 14:24:29.378 [MessageBroker-1] INFO o.s.w.s.c.WebSocketMessageBrokerStats - WebSocketSession[0 current WS(0)-HttpStream(0)-HttpPoll(0), 0 total, 0 closed abnormally (0 connect failure, 0 send limit, 0 transport error)], stompSubProtocol[processed CONNECT(0)-CONNECTED(0)-DISCONNECT(0)], stompBrokerRelay[null], inboundChannel[pool size = 0, active threads = 0, queued tasks = 0, completed tasks = 0], outboundChannel[pool size = 0, active threads = 0, queued tasks = 0, completed tasks = 0], sockJsScheduler[pool size = 2, active threads = 1, queued tasks = 1, completed tasks = 0] 
20251029 14:31:40.200 [http-nio-0.0.0.0-8080-exec-2] INFO o.a.c.c.C.[.[.[/] - Initializing Spring DispatcherServlet 'dispatcherServlet' 
20251029 14:31:40.201 [http-nio-0.0.0.0-8080-exec-2] INFO o.s.w.s.DispatcherServlet - Initializing Servlet 'dispatcherServlet' 
20251029 14:31:40.202 [http-nio-0.0.0.0-8080-exec-2] INFO o.s.w.s.DispatcherServlet - Completed initialization in 0 ms 
20251029 14:31:40.238 [http-nio-0.0.0.0-8080-exec-3] INFO c.z.h.HikariDataSource - HikariPool-1 - Starting... 
20251029 14:31:40.298 [http-nio-0.0.0.0-8080-exec-3] INFO c.z.h.p.PoolBase - HikariPool-1 - Driver does not support get/set network timeout for connections. (Receiver class net.sf.log4jdbc.sql.jdbcapi.ConnectionSpy does not define or inherit an implementation of the resolved method 'abstract int getNetworkTimeout()' of interface java.sql.Connection.) 
20251029 14:31:40.302 [http-nio-0.0.0.0-8080-exec-3] INFO c.z.h.p.HikariPool - HikariPool-1 - Added connection net.sf.log4jdbc.sql.jdbcapi.ConnectionSpy@1902bd5e 
20251029 14:31:40.303 [http-nio-0.0.0.0-8080-exec-3] INFO c.z.h.HikariDataSource - HikariPool-1 - Start completed. 
20251029 14:31:40.322 [http-nio-0.0.0.0-8080-exec-1] DEBUG j.sqltiming -  com.zaxxer.hikari.pool.ProxyPreparedStatement.execute(ProxyPreparedStatement.java:44)
2. SELECT cr.ROOM_ID
             , cr.ROOM_NAME
             , cr.ROOM_TYPE
             , cr.CREATED_AT
             , cr.LAST_MESSAGE_AT
             , (SELECT COUNT(*) FROM CHAT_PARTICIPANT WHERE ROOM_ID = cr.ROOM_ID AND IS_ACTIVE = TRUE) AS PARTICIPANT_COUNT
             , (SELECT GROUP_CONCAT(MEM_ID) FROM CHAT_PARTICIPANT WHERE ROOM_ID = cr.ROOM_ID AND IS_ACTIVE = TRUE) AS PARTICIPANT_IDS
             , (SELECT cm.CONTENT
                FROM CHAT_MESSAGE cm
                WHERE cm.ROOM_ID = cr.ROOM_ID AND cm.IS_DELETED = FALSE
                ORDER BY cm.SENT_AT DESC
                LIMIT 1) AS LAST_MESSAGE
             , (SELECT COUNT(*)
                FROM CHAT_MESSAGE cm
                WHERE cm.ROOM_ID = cr.ROOM_ID
                  AND cm.SENDER_ID != 'kimfarm'
                  AND cm.SENT_AT > IFNULL(cp.LAST_READ_AT, '1900-01-01')
                  AND cm.IS_DELETED = FALSE) AS UNREAD_COUNT
        FROM CHAT_ROOM cr
        JOIN CHAT_PARTICIPANT cp ON cr.ROOM_ID = cp.ROOM_ID
        WHERE cp.MEM_ID = 'kimfarm'
          AND cp.IS_ACTIVE = TRUE
        ORDER BY cr.LAST_MESSAGE_AT DESC
 {executed in 12 msec} 
20251029 14:31:40.322 [http-nio-0.0.0.0-8080-exec-3] DEBUG j.sqltiming -  com.zaxxer.hikari.pool.ProxyPreparedStatement.execute(ProxyPreparedStatement.java:44)
1. SELECT cr.ROOM_ID
             , cr.ROOM_NAME
             , cr.ROOM_TYPE
             , cr.CREATED_AT
             , cr.LAST_MESSAGE_AT
             , (SELECT COUNT(*) FROM CHAT_PARTICIPANT WHERE ROOM_ID = cr.ROOM_ID AND IS_ACTIVE = TRUE) AS PARTICIPANT_COUNT
             , (SELECT GROUP_CONCAT(MEM_ID) FROM CHAT_PARTICIPANT WHERE ROOM_ID = cr.ROOM_ID AND IS_ACTIVE = TRUE) AS PARTICIPANT_IDS
             , (SELECT cm.CONTENT
                FROM CHAT_MESSAGE cm
                WHERE cm.ROOM_ID = cr.ROOM_ID AND cm.IS_DELETED = FALSE
                ORDER BY cm.SENT_AT DESC
                LIMIT 1) AS LAST_MESSAGE
             , (SELECT COUNT(*)
                FROM CHAT_MESSAGE cm
                WHERE cm.ROOM_ID = cr.ROOM_ID
                  AND cm.SENDER_ID != 'kimfarm'
                  AND cm.SENT_AT > IFNULL(cp.LAST_READ_AT, '1900-01-01')
                  AND cm.IS_DELETED = FALSE) AS UNREAD_COUNT
        FROM CHAT_ROOM cr
        JOIN CHAT_PARTICIPANT cp ON cr.ROOM_ID = cp.ROOM_ID
        WHERE cp.MEM_ID = 'kimfarm'
          AND cp.IS_ACTIVE = TRUE
        ORDER BY cr.LAST_MESSAGE_AT DESC
 {executed in 12 msec} 
20251029 14:31:40.332 [http-nio-0.0.0.0-8080-exec-1] INFO j.resultsettable - 
|--------|----------|----------|----------------------|----------------------|------------------|-------------------------------------------------|-------------|-------------|
|room_id |room_name |room_type |created_at            |last_message_at       |participant_count |participant_ids                                  |last_message |unread_count |
|--------|----------|----------|----------------------|----------------------|------------------|-------------------------------------------------|-------------|-------------|
|23      |null      |DIRECT    |2025-10-29 10:27:52.0 |2025-10-29 14:14:04.0 |3                 |kimfarm,leefarm,parkfarm                         |Ddd          |0            |
|28      |null      |DIRECT    |2025-10-29 11:09:39.0 |2025-10-29 14:13:45.0 |2                 |kimfarm,parkfarm                                 |dfgagfa      |0            |
|16      |단체 채팅방    |GROUP     |2025-10-27 14:48:15.0 |2025-10-29 10:09:31.0 |7                 |good,kimfarm,leefarm,parkfarm,police112,user,관리자 |ㅁㅍㄹㅁㅍㅍㅁㅍㅁ    |0            |
|--------|----------|----------|----------------------|----------------------|------------------|-------------------------------------------------|-------------|-------------|
 
20251029 14:31:40.332 [http-nio-0.0.0.0-8080-exec-3] INFO j.resultsettable - 
|--------|----------|----------|----------------------|----------------------|------------------|-------------------------------------------------|-------------|-------------|
|room_id |room_name |room_type |created_at            |last_message_at       |participant_count |participant_ids                                  |last_message |unread_count |
|--------|----------|----------|----------------------|----------------------|------------------|-------------------------------------------------|-------------|-------------|
|23      |null      |DIRECT    |2025-10-29 10:27:52.0 |2025-10-29 14:14:04.0 |3                 |kimfarm,leefarm,parkfarm                         |Ddd          |0            |
|28      |null      |DIRECT    |2025-10-29 11:09:39.0 |2025-10-29 14:13:45.0 |2                 |kimfarm,parkfarm                                 |dfgagfa      |0            |
|16      |단체 채팅방    |GROUP     |2025-10-27 14:48:15.0 |2025-10-29 10:09:31.0 |7                 |good,kimfarm,leefarm,parkfarm,police112,user,관리자 |ㅁㅍㄹㅁㅍㅍㅁㅍㅁ    |0            |
|--------|----------|----------|----------------------|----------------------|------------------|-------------------------------------------------|-------------|-------------|
 
20251029 14:31:40.384 [http-nio-0.0.0.0-8080-exec-5] DEBUG j.sqltiming -  com.zaxxer.hikari.pool.ProxyPreparedStatement.execute(ProxyPreparedStatement.java:44)
2. SELECT
            MEM_ID,
            MEM_NAME,
            MEM_TELL,
            MEM_EMAIL,
            MEM_ADDR,
            MEM_BUSINESS_NUM,
            JOIN_DATE,
            MEM_STATUS,
            MEM_GRADE
        FROM MEMBER
        WHERE MEM_STATUS = 'ACTIVE'
        ORDER BY JOIN_DATE DESC
 {executed in 1 msec} 
20251029 14:31:40.384 [http-nio-0.0.0.0-8080-exec-2] DEBUG j.sqltiming -  com.zaxxer.hikari.pool.ProxyPreparedStatement.execute(ProxyPreparedStatement.java:44)
1. SELECT
            MEM_ID,
            MEM_NAME,
            MEM_TELL,
            MEM_EMAIL,
            MEM_ADDR,
            MEM_BUSINESS_NUM,
            JOIN_DATE,
            MEM_STATUS,
            MEM_GRADE
        FROM MEMBER
        WHERE MEM_STATUS = 'ACTIVE'
        ORDER BY JOIN_DATE DESC
 {executed in 1 msec} 
20251029 14:31:40.386 [http-nio-0.0.0.0-8080-exec-2] INFO j.resultsettable - 
|----------|---------|--------------|-------------------|---------------------|-----------------|----------------------|-----------|----------|
|mem_id    |mem_name |mem_tell      |mem_email          |mem_addr             |mem_business_num |join_date             |mem_status |mem_grade |
|----------|---------|--------------|-------------------|---------------------|-----------------|----------------------|-----------|----------|
|hongfarm  |홍사장      |010-0000-0002 |hong@gmail.com     |울산 남구 갈밭로 3          |010-00-00000     |2025-10-15 14:39:04.0 |ACTIVE     |BUSINESS  |
|police112 |단속반      |010-1112-1112 |null               |null                 |null             |2025-10-14 15:37:50.0 |ACTIVE     |USER      |
|dlfqks12  |김삿갓      |010-4711-7805 |undefined          |울산 남구 꽃대나리로 3        |null             |2025-10-14 14:50:06.0 |ACTIVE     |USER      |
|관리자       |관리자      |010-9999-9999 |githerb@gmail.com  |서울                   |000-00-00000     |2025-10-10 10:50:56.0 |ACTIVE     |ADMIN     |
|good      |굿팜       |010-0000-0001 |good@naver.com     |경기 성남시 분당구 판교역로 166  |680-04-94911     |2025-10-10 10:22:58.0 |ACTIVE     |BUSINESS  |
|leefarm   |이사장      |010-1111-1112 |lee@gmail.com      |부산 수영구 광안해변로 9       |123-11-12312     |2025-09-30 12:41:59.0 |ACTIVE     |BUSINESS  |
|kimfarm   |김사장      |010-1234-5678 |kimfarm1@gmail.com |제주특별자치도 제주시 첨단로 242  |610-44-14444     |2025-09-26 16:35:23.0 |ACTIVE     |BUSINESS  |
|user1     |일반인      |010-1234-1234 |kaka@kakao.com     |경남 함안군 칠북면 경남대로 2364 |null             |2025-09-19 15:12:11.0 |ACTIVE     |USER      |
|parkfarm  |박사장      |010-0000-0000 |park@naver.com     |대구 군위군 군위읍 경북대로 3080 |111-11-11111     |2025-09-17 17:47:26.0 |ACTIVE     |BUSINESS  |
|user      |유저       |010-1111-1234 |user@daum.net      |제주특별자치도 서귀포시 가가로 15  |                 |2025-09-16 14:35:33.0 |ACTIVE     |USER      |
|----------|---------|--------------|-------------------|---------------------|-----------------|----------------------|-----------|----------|
 
20251029 14:31:40.386 [http-nio-0.0.0.0-8080-exec-5] INFO j.resultsettable - 
|----------|---------|--------------|-------------------|---------------------|-----------------|----------------------|-----------|----------|
|mem_id    |mem_name |mem_tell      |mem_email          |mem_addr             |mem_business_num |join_date             |mem_status |mem_grade |
|----------|---------|--------------|-------------------|---------------------|-----------------|----------------------|-----------|----------|
|hongfarm  |홍사장      |010-0000-0002 |hong@gmail.com     |울산 남구 갈밭로 3          |010-00-00000     |2025-10-15 14:39:04.0 |ACTIVE     |BUSINESS  |
|police112 |단속반      |010-1112-1112 |null               |null                 |null             |2025-10-14 15:37:50.0 |ACTIVE     |USER      |
|dlfqks12  |김삿갓      |010-4711-7805 |undefined          |울산 남구 꽃대나리로 3        |null             |2025-10-14 14:50:06.0 |ACTIVE     |USER      |
|관리자       |관리자      |010-9999-9999 |githerb@gmail.com  |서울                   |000-00-00000     |2025-10-10 10:50:56.0 |ACTIVE     |ADMIN     |
|good      |굿팜       |010-0000-0001 |good@naver.com     |경기 성남시 분당구 판교역로 166  |680-04-94911     |2025-10-10 10:22:58.0 |ACTIVE     |BUSINESS  |
|leefarm   |이사장      |010-1111-1112 |lee@gmail.com      |부산 수영구 광안해변로 9       |123-11-12312     |2025-09-30 12:41:59.0 |ACTIVE     |BUSINESS  |
|kimfarm   |김사장      |010-1234-5678 |kimfarm1@gmail.com |제주특별자치도 제주시 첨단로 242  |610-44-14444     |2025-09-26 16:35:23.0 |ACTIVE     |BUSINESS  |
|user1     |일반인      |010-1234-1234 |kaka@kakao.com     |경남 함안군 칠북면 경남대로 2364 |null             |2025-09-19 15:12:11.0 |ACTIVE     |USER      |
|parkfarm  |박사장      |010-0000-0000 |park@naver.com     |대구 군위군 군위읍 경북대로 3080 |111-11-11111     |2025-09-17 17:47:26.0 |ACTIVE     |BUSINESS  |
|user      |유저       |010-1111-1234 |user@daum.net      |제주특별자치도 서귀포시 가가로 15  |                 |2025-09-16 14:35:33.0 |ACTIVE     |USER      |
|----------|---------|--------------|-------------------|---------------------|-----------------|----------------------|-----------|----------|
 
20251029 14:31:40.388 [http-nio-0.0.0.0-8080-exec-5] DEBUG j.sqltiming -  com.zaxxer.hikari.pool.ProxyPreparedStatement.execute(ProxyPreparedStatement.java:44)
2. SELECT
            PROFILE_NO,
            MEM_ID,
            PROFILE_IMAGE_URL,
            PROFILE_IMAGE_NAME,
            UPLOAD_DATE
        FROM
            member_profile
        WHERE
            MEM_ID = 'hongfarm'
        ORDER BY UPLOAD_DATE DESC
        LIMIT 1
 {executed in 1 msec} 
20251029 14:31:40.388 [http-nio-0.0.0.0-8080-exec-2] DEBUG j.sqltiming -  com.zaxxer.hikari.pool.ProxyPreparedStatement.execute(ProxyPreparedStatement.java:44)
1. SELECT
            PROFILE_NO,
            MEM_ID,
            PROFILE_IMAGE_URL,
            PROFILE_IMAGE_NAME,
            UPLOAD_DATE
        FROM
            member_profile
        WHERE
            MEM_ID = 'hongfarm'
        ORDER BY UPLOAD_DATE DESC
        LIMIT 1
 {executed in 1 msec} 
20251029 14:31:40.388 [http-nio-0.0.0.0-8080-exec-5] INFO j.resultsettable - 
|-----------|---------|--------------------------------------------|------------------------------------------|----------------------|
|profile_no |mem_id   |profile_image_url                           |profile_image_name                        |upload_date           |
|-----------|---------|--------------------------------------------|------------------------------------------|----------------------|
|47         |hongfarm |/upload/profile/hongfarm_1761703569095.jpeg |d001d3f1-191e-4eb8-8c01-254244a41b91.jpeg |2025-10-29 11:06:09.0 |
|-----------|---------|--------------------------------------------|------------------------------------------|----------------------|
 
20251029 14:31:40.388 [http-nio-0.0.0.0-8080-exec-2] INFO j.resultsettable - 
|-----------|---------|--------------------------------------------|------------------------------------------|----------------------|
|profile_no |mem_id   |profile_image_url                           |profile_image_name                        |upload_date           |
|-----------|---------|--------------------------------------------|------------------------------------------|----------------------|
|47         |hongfarm |/upload/profile/hongfarm_1761703569095.jpeg |d001d3f1-191e-4eb8-8c01-254244a41b91.jpeg |2025-10-29 11:06:09.0 |
|-----------|---------|--------------------------------------------|------------------------------------------|----------------------|
 
20251029 14:31:40.389 [http-nio-0.0.0.0-8080-exec-5] DEBUG j.sqltiming -  com.zaxxer.hikari.pool.ProxyPreparedStatement.execute(ProxyPreparedStatement.java:44)
2. SELECT
            PROFILE_NO,
            MEM_ID,
            PROFILE_IMAGE_URL,
            PROFILE_IMAGE_NAME,
            UPLOAD_DATE
        FROM
            member_profile
        WHERE
            MEM_ID = 'police112'
        ORDER BY UPLOAD_DATE DESC
        LIMIT 1
 {executed in 0 msec} 
20251029 14:31:40.389 [http-nio-0.0.0.0-8080-exec-5] INFO j.resultsettable - 
|-----------|----------|---------------------------------------------|------------------------------------------|----------------------|
|profile_no |mem_id    |profile_image_url                            |profile_image_name                        |upload_date           |
|-----------|----------|---------------------------------------------|------------------------------------------|----------------------|
|51         |police112 |/upload/profile/police112_1761703734033.jpeg |5128edd1-384a-4a92-bcee-7fba14cebf3b.jpeg |2025-10-29 11:08:54.0 |
|-----------|----------|---------------------------------------------|------------------------------------------|----------------------|
 
20251029 14:31:40.389 [http-nio-0.0.0.0-8080-exec-2] DEBUG j.sqltiming -  com.zaxxer.hikari.pool.ProxyPreparedStatement.execute(ProxyPreparedStatement.java:44)
1. SELECT
            PROFILE_NO,
            MEM_ID,
            PROFILE_IMAGE_URL,
            PROFILE_IMAGE_NAME,
            UPLOAD_DATE
        FROM
            member_profile
        WHERE
            MEM_ID = 'police112'
        ORDER BY UPLOAD_DATE DESC
        LIMIT 1
 {executed in 1 msec} 
20251029 14:31:40.389 [http-nio-0.0.0.0-8080-exec-2] INFO j.resultsettable - 
|-----------|----------|---------------------------------------------|------------------------------------------|----------------------|
|profile_no |mem_id    |profile_image_url                            |profile_image_name                        |upload_date           |
|-----------|----------|---------------------------------------------|------------------------------------------|----------------------|
|51         |police112 |/upload/profile/police112_1761703734033.jpeg |5128edd1-384a-4a92-bcee-7fba14cebf3b.jpeg |2025-10-29 11:08:54.0 |
|-----------|----------|---------------------------------------------|------------------------------------------|----------------------|
 
20251029 14:31:40.389 [http-nio-0.0.0.0-8080-exec-5] DEBUG j.sqltiming -  com.zaxxer.hikari.pool.ProxyPreparedStatement.execute(ProxyPreparedStatement.java:44)
2. SELECT
            PROFILE_NO,
            MEM_ID,
            PROFILE_IMAGE_URL,
            PROFILE_IMAGE_NAME,
            UPLOAD_DATE
        FROM
            member_profile
        WHERE
            MEM_ID = 'dlfqks12'
        ORDER BY UPLOAD_DATE DESC
        LIMIT 1
 {executed in 0 msec} 
20251029 14:31:40.390 [http-nio-0.0.0.0-8080-exec-5] INFO j.resultsettable - 
|-----------|---------|--------------------------------------------|------------------------------------------|----------------------|
|profile_no |mem_id   |profile_image_url                           |profile_image_name                        |upload_date           |
|-----------|---------|--------------------------------------------|------------------------------------------|----------------------|
|50         |dlfqks12 |/upload/profile/dlfqks12_1761703709974.jpeg |4f4e3bcc-31d7-4c21-80fa-aaf382e8c67b.jpeg |2025-10-29 11:08:29.0 |
|-----------|---------|--------------------------------------------|------------------------------------------|----------------------|
 
20251029 14:31:40.390 [http-nio-0.0.0.0-8080-exec-2] DEBUG j.sqltiming -  com.zaxxer.hikari.pool.ProxyPreparedStatement.execute(ProxyPreparedStatement.java:44)
1. SELECT
            PROFILE_NO,
            MEM_ID,
            PROFILE_IMAGE_URL,
            PROFILE_IMAGE_NAME,
            UPLOAD_DATE
        FROM
            member_profile
        WHERE
            MEM_ID = 'dlfqks12'
        ORDER BY UPLOAD_DATE DESC
        LIMIT 1
 {executed in 1 msec} 
20251029 14:31:40.390 [http-nio-0.0.0.0-8080-exec-2] INFO j.resultsettable - 
|-----------|---------|--------------------------------------------|------------------------------------------|----------------------|
|profile_no |mem_id   |profile_image_url                           |profile_image_name                        |upload_date           |
|-----------|---------|--------------------------------------------|------------------------------------------|----------------------|
|50         |dlfqks12 |/upload/profile/dlfqks12_1761703709974.jpeg |4f4e3bcc-31d7-4c21-80fa-aaf382e8c67b.jpeg |2025-10-29 11:08:29.0 |
|-----------|---------|--------------------------------------------|------------------------------------------|----------------------|
 
20251029 14:31:40.390 [http-nio-0.0.0.0-8080-exec-5] DEBUG j.sqltiming -  com.zaxxer.hikari.pool.ProxyPreparedStatement.execute(ProxyPreparedStatement.java:44)
2. SELECT
            PROFILE_NO,
            MEM_ID,
            PROFILE_IMAGE_URL,
            PROFILE_IMAGE_NAME,
            UPLOAD_DATE
        FROM
            member_profile
        WHERE
            MEM_ID = '관리자'
        ORDER BY UPLOAD_DATE DESC
        LIMIT 1
 {executed in 0 msec} 
20251029 14:31:40.391 [http-nio-0.0.0.0-8080-exec-5] INFO j.resultsettable - 
|-----------|-------|---------------------------------------|------------------------------------------|----------------------|
|profile_no |mem_id |profile_image_url                      |profile_image_name                        |upload_date           |
|-----------|-------|---------------------------------------|------------------------------------------|----------------------|
|45         |관리자    |/upload/profile/관리자_1761703462948.jpeg |4e1c2d56-73e6-47f7-a752-2b710256abe2.jpeg |2025-10-29 11:04:22.0 |
|-----------|-------|---------------------------------------|------------------------------------------|----------------------|
 
20251029 14:31:40.391 [http-nio-0.0.0.0-8080-exec-2] DEBUG j.sqltiming -  com.zaxxer.hikari.pool.ProxyPreparedStatement.execute(ProxyPreparedStatement.java:44)
1. SELECT
            PROFILE_NO,
            MEM_ID,
            PROFILE_IMAGE_URL,
            PROFILE_IMAGE_NAME,
            UPLOAD_DATE
        FROM
            member_profile
        WHERE
            MEM_ID = '관리자'
        ORDER BY UPLOAD_DATE DESC
        LIMIT 1
 {executed in 1 msec} 
20251029 14:31:40.391 [http-nio-0.0.0.0-8080-exec-5] DEBUG j.sqltiming -  com.zaxxer.hikari.pool.ProxyPreparedStatement.execute(ProxyPreparedStatement.java:44)
2. SELECT
            PROFILE_NO,
            MEM_ID,
            PROFILE_IMAGE_URL,
            PROFILE_IMAGE_NAME,
            UPLOAD_DATE
        FROM
            member_profile
        WHERE
            MEM_ID = 'good'
        ORDER BY UPLOAD_DATE DESC
        LIMIT 1
 {executed in 0 msec} 
20251029 14:31:40.391 [http-nio-0.0.0.0-8080-exec-2] INFO j.resultsettable - 
|-----------|-------|---------------------------------------|------------------------------------------|----------------------|
|profile_no |mem_id |profile_image_url                      |profile_image_name                        |upload_date           |
|-----------|-------|---------------------------------------|------------------------------------------|----------------------|
|45         |관리자    |/upload/profile/관리자_1761703462948.jpeg |4e1c2d56-73e6-47f7-a752-2b710256abe2.jpeg |2025-10-29 11:04:22.0 |
|-----------|-------|---------------------------------------|------------------------------------------|----------------------|
 
20251029 14:31:40.392 [http-nio-0.0.0.0-8080-exec-5] INFO j.resultsettable - 
|-----------|-------|----------------------------------------|------------------------------------------|----------------------|
|profile_no |mem_id |profile_image_url                       |profile_image_name                        |upload_date           |
|-----------|-------|----------------------------------------|------------------------------------------|----------------------|
|46         |good   |/upload/profile/good_1761703524269.jpeg |e4fb2cac-1a34-4640-a316-7b152bd62112.jpeg |2025-10-29 11:05:24.0 |
|-----------|-------|----------------------------------------|------------------------------------------|----------------------|
 
20251029 14:31:40.392 [http-nio-0.0.0.0-8080-exec-2] DEBUG j.sqltiming -  com.zaxxer.hikari.pool.ProxyPreparedStatement.execute(ProxyPreparedStatement.java:44)
1. SELECT
            PROFILE_NO,
            MEM_ID,
            PROFILE_IMAGE_URL,
            PROFILE_IMAGE_NAME,
            UPLOAD_DATE
        FROM
            member_profile
        WHERE
            MEM_ID = 'good'
        ORDER BY UPLOAD_DATE DESC
        LIMIT 1
 {executed in 1 msec} 
20251029 14:31:40.392 [http-nio-0.0.0.0-8080-exec-2] INFO j.resultsettable - 
|-----------|-------|----------------------------------------|------------------------------------------|----------------------|
|profile_no |mem_id |profile_image_url                       |profile_image_name                        |upload_date           |
|-----------|-------|----------------------------------------|------------------------------------------|----------------------|
|46         |good   |/upload/profile/good_1761703524269.jpeg |e4fb2cac-1a34-4640-a316-7b152bd62112.jpeg |2025-10-29 11:05:24.0 |
|-----------|-------|----------------------------------------|------------------------------------------|----------------------|
 
20251029 14:31:40.392 [http-nio-0.0.0.0-8080-exec-5] DEBUG j.sqltiming -  com.zaxxer.hikari.pool.ProxyPreparedStatement.execute(ProxyPreparedStatement.java:44)
2. SELECT
            PROFILE_NO,
            MEM_ID,
            PROFILE_IMAGE_URL,
            PROFILE_IMAGE_NAME,
            UPLOAD_DATE
        FROM
            member_profile
        WHERE
            MEM_ID = 'leefarm'
        ORDER BY UPLOAD_DATE DESC
        LIMIT 1
 {executed in 0 msec} 
20251029 14:31:40.393 [http-nio-0.0.0.0-8080-exec-5] INFO j.resultsettable - 
|-----------|--------|-------------------------------------------|------------------------------------------|----------------------|
|profile_no |mem_id  |profile_image_url                          |profile_image_name                        |upload_date           |
|-----------|--------|-------------------------------------------|------------------------------------------|----------------------|
|44         |leefarm |/upload/profile/leefarm_1761703430713.jpeg |ab2e8b13-1966-4fbb-844c-b59d078520f4.jpeg |2025-10-29 11:03:50.0 |
|-----------|--------|-------------------------------------------|------------------------------------------|----------------------|
 
20251029 14:31:40.393 [http-nio-0.0.0.0-8080-exec-2] DEBUG j.sqltiming -  com.zaxxer.hikari.pool.ProxyPreparedStatement.execute(ProxyPreparedStatement.java:44)
1. SELECT
            PROFILE_NO,
            MEM_ID,
            PROFILE_IMAGE_URL,
            PROFILE_IMAGE_NAME,
            UPLOAD_DATE
        FROM
            member_profile
        WHERE
            MEM_ID = 'leefarm'
        ORDER BY UPLOAD_DATE DESC
        LIMIT 1
 {executed in 1 msec} 
20251029 14:31:40.393 [http-nio-0.0.0.0-8080-exec-2] INFO j.resultsettable - 
|-----------|--------|-------------------------------------------|------------------------------------------|----------------------|
|profile_no |mem_id  |profile_image_url                          |profile_image_name                        |upload_date           |
|-----------|--------|-------------------------------------------|------------------------------------------|----------------------|
|44         |leefarm |/upload/profile/leefarm_1761703430713.jpeg |ab2e8b13-1966-4fbb-844c-b59d078520f4.jpeg |2025-10-29 11:03:50.0 |
|-----------|--------|-------------------------------------------|------------------------------------------|----------------------|
 
20251029 14:31:40.393 [http-nio-0.0.0.0-8080-exec-5] DEBUG j.sqltiming -  com.zaxxer.hikari.pool.ProxyPreparedStatement.execute(ProxyPreparedStatement.java:44)
2. SELECT
            PROFILE_NO,
            MEM_ID,
            PROFILE_IMAGE_URL,
            PROFILE_IMAGE_NAME,
            UPLOAD_DATE
        FROM
            member_profile
        WHERE
            MEM_ID = 'kimfarm'
        ORDER BY UPLOAD_DATE DESC
        LIMIT 1
 {executed in 0 msec} 
20251029 14:31:40.394 [http-nio-0.0.0.0-8080-exec-5] INFO j.resultsettable - 
|-----------|--------|-------------------------------------------|------------------------------------------|----------------------|
|profile_no |mem_id  |profile_image_url                          |profile_image_name                        |upload_date           |
|-----------|--------|-------------------------------------------|------------------------------------------|----------------------|
|1          |kimfarm |/upload/profile/kimfarm_1761703488019.jpeg |f9881ed8-a83a-40fe-9e8e-857a66e956cf.jpeg |2025-10-29 11:04:48.0 |
|-----------|--------|-------------------------------------------|------------------------------------------|----------------------|
 
20251029 14:31:40.394 [http-nio-0.0.0.0-8080-exec-2] DEBUG j.sqltiming -  com.zaxxer.hikari.pool.ProxyPreparedStatement.execute(ProxyPreparedStatement.java:44)
1. SELECT
            PROFILE_NO,
            MEM_ID,
            PROFILE_IMAGE_URL,
            PROFILE_IMAGE_NAME,
            UPLOAD_DATE
        FROM
            member_profile
        WHERE
            MEM_ID = 'kimfarm'
        ORDER BY UPLOAD_DATE DESC
        LIMIT 1
 {executed in 1 msec} 
20251029 14:31:40.394 [http-nio-0.0.0.0-8080-exec-2] INFO j.resultsettable - 
|-----------|--------|-------------------------------------------|------------------------------------------|----------------------|
|profile_no |mem_id  |profile_image_url                          |profile_image_name                        |upload_date           |
|-----------|--------|-------------------------------------------|------------------------------------------|----------------------|
|1          |kimfarm |/upload/profile/kimfarm_1761703488019.jpeg |f9881ed8-a83a-40fe-9e8e-857a66e956cf.jpeg |2025-10-29 11:04:48.0 |
|-----------|--------|-------------------------------------------|------------------------------------------|----------------------|
 
20251029 14:31:40.394 [http-nio-0.0.0.0-8080-exec-5] DEBUG j.sqltiming -  com.zaxxer.hikari.pool.ProxyPreparedStatement.execute(ProxyPreparedStatement.java:44)
2. SELECT
            PROFILE_NO,
            MEM_ID,
            PROFILE_IMAGE_URL,
            PROFILE_IMAGE_NAME,
            UPLOAD_DATE
        FROM
            member_profile
        WHERE
            MEM_ID = 'user1'
        ORDER BY UPLOAD_DATE DESC
        LIMIT 1
 {executed in 0 msec} 
20251029 14:31:40.395 [http-nio-0.0.0.0-8080-exec-5] INFO j.resultsettable - 
|-----------|-------|-----------------------------------------|------------------------------------------|----------------------|
|profile_no |mem_id |profile_image_url                        |profile_image_name                        |upload_date           |
|-----------|-------|-----------------------------------------|------------------------------------------|----------------------|
|49         |user1  |/upload/profile/user1_1761703621470.jpeg |ded44f99-7139-4755-a3b9-e5f2a9b9082e.jpeg |2025-10-29 11:07:01.0 |
|-----------|-------|-----------------------------------------|------------------------------------------|----------------------|
 
20251029 14:31:40.395 [http-nio-0.0.0.0-8080-exec-2] DEBUG j.sqltiming -  com.zaxxer.hikari.pool.ProxyPreparedStatement.execute(ProxyPreparedStatement.java:44)
1. SELECT
            PROFILE_NO,
            MEM_ID,
            PROFILE_IMAGE_URL,
            PROFILE_IMAGE_NAME,
            UPLOAD_DATE
        FROM
            member_profile
        WHERE
            MEM_ID = 'user1'
        ORDER BY UPLOAD_DATE DESC
        LIMIT 1
 {executed in 1 msec} 
20251029 14:31:40.395 [http-nio-0.0.0.0-8080-exec-5] DEBUG j.sqltiming -  com.zaxxer.hikari.pool.ProxyPreparedStatement.execute(ProxyPreparedStatement.java:44)
2. SELECT
            PROFILE_NO,
            MEM_ID,
            PROFILE_IMAGE_URL,
            PROFILE_IMAGE_NAME,
            UPLOAD_DATE
        FROM
            member_profile
        WHERE
            MEM_ID = 'parkfarm'
        ORDER BY UPLOAD_DATE DESC
        LIMIT 1
 {executed in 0 msec} 
20251029 14:31:40.396 [http-nio-0.0.0.0-8080-exec-2] INFO j.resultsettable - 
|-----------|-------|-----------------------------------------|------------------------------------------|----------------------|
|profile_no |mem_id |profile_image_url                        |profile_image_name                        |upload_date           |
|-----------|-------|-----------------------------------------|------------------------------------------|----------------------|
|49         |user1  |/upload/profile/user1_1761703621470.jpeg |ded44f99-7139-4755-a3b9-e5f2a9b9082e.jpeg |2025-10-29 11:07:01.0 |
|-----------|-------|-----------------------------------------|------------------------------------------|----------------------|
 
20251029 14:31:40.396 [http-nio-0.0.0.0-8080-exec-5] INFO j.resultsettable - 
|-----------|---------|--------------------------------------------|------------------------------------------|----------------------|
|profile_no |mem_id   |profile_image_url                           |profile_image_name                        |upload_date           |
|-----------|---------|--------------------------------------------|------------------------------------------|----------------------|
|3          |parkfarm |/upload/profile/parkfarm_1761699798259.jpeg |3759576c-4d89-492f-9a42-cf2fb14c85e1.jpeg |2025-10-29 10:03:18.0 |
|-----------|---------|--------------------------------------------|------------------------------------------|----------------------|
 
20251029 14:31:40.396 [http-nio-0.0.0.0-8080-exec-5] DEBUG j.sqltiming -  com.zaxxer.hikari.pool.ProxyPreparedStatement.execute(ProxyPreparedStatement.java:44)
2. SELECT
            PROFILE_NO,
            MEM_ID,
            PROFILE_IMAGE_URL,
            PROFILE_IMAGE_NAME,
            UPLOAD_DATE
        FROM
            member_profile
        WHERE
            MEM_ID = 'user'
        ORDER BY UPLOAD_DATE DESC
        LIMIT 1
 {executed in 0 msec} 
20251029 14:31:40.396 [http-nio-0.0.0.0-8080-exec-2] DEBUG j.sqltiming -  com.zaxxer.hikari.pool.ProxyPreparedStatement.execute(ProxyPreparedStatement.java:44)
1. SELECT
            PROFILE_NO,
            MEM_ID,
            PROFILE_IMAGE_URL,
            PROFILE_IMAGE_NAME,
            UPLOAD_DATE
        FROM
            member_profile
        WHERE
            MEM_ID = 'parkfarm'
        ORDER BY UPLOAD_DATE DESC
        LIMIT 1
 {executed in 0 msec} 
20251029 14:31:40.397 [http-nio-0.0.0.0-8080-exec-5] INFO j.resultsettable - 
|-----------|-------|----------------------------------------|------------------------------------------|----------------------|
|profile_no |mem_id |profile_image_url                       |profile_image_name                        |upload_date           |
|-----------|-------|----------------------------------------|------------------------------------------|----------------------|
|48         |user   |/upload/profile/user_1761703595515.jpeg |e5f028cb-92bc-4e33-bf32-b9d1ae72b74e.jpeg |2025-10-29 11:06:35.0 |
|-----------|-------|----------------------------------------|------------------------------------------|----------------------|
 
20251029 14:31:40.397 [http-nio-0.0.0.0-8080-exec-2] INFO j.resultsettable - 
|-----------|---------|--------------------------------------------|------------------------------------------|----------------------|
|profile_no |mem_id   |profile_image_url                           |profile_image_name                        |upload_date           |
|-----------|---------|--------------------------------------------|------------------------------------------|----------------------|
|3          |parkfarm |/upload/profile/parkfarm_1761699798259.jpeg |3759576c-4d89-492f-9a42-cf2fb14c85e1.jpeg |2025-10-29 10:03:18.0 |
|-----------|---------|--------------------------------------------|------------------------------------------|----------------------|
 
20251029 14:31:40.397 [http-nio-0.0.0.0-8080-exec-2] DEBUG j.sqltiming -  com.zaxxer.hikari.pool.ProxyPreparedStatement.execute(ProxyPreparedStatement.java:44)
1. SELECT
            PROFILE_NO,
            MEM_ID,
            PROFILE_IMAGE_URL,
            PROFILE_IMAGE_NAME,
            UPLOAD_DATE
        FROM
            member_profile
        WHERE
            MEM_ID = 'user'
        ORDER BY UPLOAD_DATE DESC
        LIMIT 1
 {executed in 0 msec} 
20251029 14:31:40.398 [http-nio-0.0.0.0-8080-exec-2] INFO j.resultsettable - 
|-----------|-------|----------------------------------------|------------------------------------------|----------------------|
|profile_no |mem_id |profile_image_url                       |profile_image_name                        |upload_date           |
|-----------|-------|----------------------------------------|------------------------------------------|----------------------|
|48         |user   |/upload/profile/user_1761703595515.jpeg |e5f028cb-92bc-4e33-bf32-b9d1ae72b74e.jpeg |2025-10-29 11:06:35.0 |
|-----------|-------|----------------------------------------|------------------------------------------|----------------------|
 
20251029 14:32:00.654 [http-nio-0.0.0.0-8080-exec-4] DEBUG j.sqltiming -  com.zaxxer.hikari.pool.ProxyPreparedStatement.execute(ProxyPreparedStatement.java:44)
1. SELECT cr.ROOM_ID
             , cr.ROOM_NAME
             , cr.ROOM_TYPE
             , cr.CREATED_AT
             , cr.LAST_MESSAGE_AT
             , (SELECT COUNT(*) FROM CHAT_PARTICIPANT WHERE ROOM_ID = cr.ROOM_ID AND IS_ACTIVE = TRUE) AS PARTICIPANT_COUNT
             , (SELECT GROUP_CONCAT(MEM_ID) FROM CHAT_PARTICIPANT WHERE ROOM_ID = cr.ROOM_ID AND IS_ACTIVE = TRUE) AS PARTICIPANT_IDS
             , (SELECT cm.CONTENT
                FROM CHAT_MESSAGE cm
                WHERE cm.ROOM_ID = cr.ROOM_ID AND cm.IS_DELETED = FALSE
                ORDER BY cm.SENT_AT DESC
                LIMIT 1) AS LAST_MESSAGE
             , (SELECT COUNT(*)
                FROM CHAT_MESSAGE cm
                WHERE cm.ROOM_ID = cr.ROOM_ID
                  AND cm.SENDER_ID != 'kimfarm'
                  AND cm.SENT_AT > IFNULL(cp.LAST_READ_AT, '1900-01-01')
                  AND cm.IS_DELETED = FALSE) AS UNREAD_COUNT
        FROM CHAT_ROOM cr
        JOIN CHAT_PARTICIPANT cp ON cr.ROOM_ID = cp.ROOM_ID
        WHERE cp.MEM_ID = 'kimfarm'
          AND cp.IS_ACTIVE = TRUE
        ORDER BY cr.LAST_MESSAGE_AT DESC
 {executed in 8 msec} 
20251029 14:32:00.655 [http-nio-0.0.0.0-8080-exec-4] INFO j.resultsettable - 
|--------|----------|----------|----------------------|----------------------|------------------|-------------------------------------------------|-------------|-------------|
|room_id |room_name |room_type |created_at            |last_message_at       |participant_count |participant_ids                                  |last_message |unread_count |
|--------|----------|----------|----------------------|----------------------|------------------|-------------------------------------------------|-------------|-------------|
|23      |null      |DIRECT    |2025-10-29 10:27:52.0 |2025-10-29 14:14:04.0 |3                 |kimfarm,leefarm,parkfarm                         |Ddd          |0            |
|28      |null      |DIRECT    |2025-10-29 11:09:39.0 |2025-10-29 14:13:45.0 |2                 |kimfarm,parkfarm                                 |dfgagfa      |0            |
|16      |단체 채팅방    |GROUP     |2025-10-27 14:48:15.0 |2025-10-29 10:09:31.0 |7                 |good,kimfarm,leefarm,parkfarm,police112,user,관리자 |ㅁㅍㄹㅁㅍㅍㅁㅍㅁ    |0            |
|--------|----------|----------|----------------------|----------------------|------------------|-------------------------------------------------|-------------|-------------|
 
20251029 14:32:00.659 [http-nio-0.0.0.0-8080-exec-7] DEBUG j.sqltiming -  com.zaxxer.hikari.pool.ProxyPreparedStatement.execute(ProxyPreparedStatement.java:44)
2. SELECT cr.ROOM_ID
             , cr.ROOM_NAME
             , cr.ROOM_TYPE
             , cr.CREATED_AT
             , cr.LAST_MESSAGE_AT
             , (SELECT COUNT(*) FROM CHAT_PARTICIPANT WHERE ROOM_ID = cr.ROOM_ID AND IS_ACTIVE = TRUE) AS PARTICIPANT_COUNT
             , (SELECT GROUP_CONCAT(MEM_ID) FROM CHAT_PARTICIPANT WHERE ROOM_ID = cr.ROOM_ID AND IS_ACTIVE = TRUE) AS PARTICIPANT_IDS
             , (SELECT cm.CONTENT
                FROM CHAT_MESSAGE cm
                WHERE cm.ROOM_ID = cr.ROOM_ID AND cm.IS_DELETED = FALSE
                ORDER BY cm.SENT_AT DESC
                LIMIT 1) AS LAST_MESSAGE
             , (SELECT COUNT(*)
                FROM CHAT_MESSAGE cm
                WHERE cm.ROOM_ID = cr.ROOM_ID
                  AND cm.SENDER_ID != 'kimfarm'
                  AND cm.SENT_AT > IFNULL(cp.LAST_READ_AT, '1900-01-01')
                  AND cm.IS_DELETED = FALSE) AS UNREAD_COUNT
        FROM CHAT_ROOM cr
        JOIN CHAT_PARTICIPANT cp ON cr.ROOM_ID = cp.ROOM_ID
        WHERE cp.MEM_ID = 'kimfarm'
          AND cp.IS_ACTIVE = TRUE
        ORDER BY cr.LAST_MESSAGE_AT DESC
 {executed in 8 msec} 
20251029 14:32:00.660 [http-nio-0.0.0.0-8080-exec-7] INFO j.resultsettable - 
|--------|----------|----------|----------------------|----------------------|------------------|-------------------------------------------------|-------------|-------------|
|room_id |room_name |room_type |created_at            |last_message_at       |participant_count |participant_ids                                  |last_message |unread_count |
|--------|----------|----------|----------------------|----------------------|------------------|-------------------------------------------------|-------------|-------------|
|23      |null      |DIRECT    |2025-10-29 10:27:52.0 |2025-10-29 14:14:04.0 |3                 |kimfarm,leefarm,parkfarm                         |Ddd          |0            |
|28      |null      |DIRECT    |2025-10-29 11:09:39.0 |2025-10-29 14:13:45.0 |2                 |kimfarm,parkfarm                                 |dfgagfa      |0            |
|16      |단체 채팅방    |GROUP     |2025-10-27 14:48:15.0 |2025-10-29 10:09:31.0 |7                 |good,kimfarm,leefarm,parkfarm,police112,user,관리자 |ㅁㅍㄹㅁㅍㅍㅁㅍㅁ    |0            |
|--------|----------|----------|----------------------|----------------------|------------------|-------------------------------------------------|-------------|-------------|
 
20251029 14:32:00.689 [http-nio-0.0.0.0-8080-exec-9] DEBUG j.sqltiming -  com.zaxxer.hikari.pool.ProxyPreparedStatement.execute(ProxyPreparedStatement.java:44)
1. SELECT
            MEM_ID,
            MEM_NAME,
            MEM_TELL,
            MEM_EMAIL,
            MEM_ADDR,
            MEM_BUSINESS_NUM,
            JOIN_DATE,
            MEM_STATUS,
            MEM_GRADE
        FROM MEMBER
        WHERE MEM_STATUS = 'ACTIVE'
        ORDER BY JOIN_DATE DESC
 {executed in 1 msec} 
20251029 14:32:00.689 [http-nio-0.0.0.0-8080-exec-10] DEBUG j.sqltiming -  com.zaxxer.hikari.pool.ProxyPreparedStatement.execute(ProxyPreparedStatement.java:44)
2. SELECT
            MEM_ID,
            MEM_NAME,
            MEM_TELL,
            MEM_EMAIL,
            MEM_ADDR,
            MEM_BUSINESS_NUM,
            JOIN_DATE,
            MEM_STATUS,
            MEM_GRADE
        FROM MEMBER
        WHERE MEM_STATUS = 'ACTIVE'
        ORDER BY JOIN_DATE DESC
 {executed in 1 msec} 
20251029 14:32:00.690 [http-nio-0.0.0.0-8080-exec-10] INFO j.resultsettable - 
|----------|---------|--------------|-------------------|---------------------|-----------------|----------------------|-----------|----------|
|mem_id    |mem_name |mem_tell      |mem_email          |mem_addr             |mem_business_num |join_date             |mem_status |mem_grade |
|----------|---------|--------------|-------------------|---------------------|-----------------|----------------------|-----------|----------|
|hongfarm  |홍사장      |010-0000-0002 |hong@gmail.com     |울산 남구 갈밭로 3          |010-00-00000     |2025-10-15 14:39:04.0 |ACTIVE     |BUSINESS  |
|police112 |단속반      |010-1112-1112 |null               |null                 |null             |2025-10-14 15:37:50.0 |ACTIVE     |USER      |
|dlfqks12  |김삿갓      |010-4711-7805 |undefined          |울산 남구 꽃대나리로 3        |null             |2025-10-14 14:50:06.0 |ACTIVE     |USER      |
|관리자       |관리자      |010-9999-9999 |githerb@gmail.com  |서울                   |000-00-00000     |2025-10-10 10:50:56.0 |ACTIVE     |ADMIN     |
|good      |굿팜       |010-0000-0001 |good@naver.com     |경기 성남시 분당구 판교역로 166  |680-04-94911     |2025-10-10 10:22:58.0 |ACTIVE     |BUSINESS  |
|leefarm   |이사장      |010-1111-1112 |lee@gmail.com      |부산 수영구 광안해변로 9       |123-11-12312     |2025-09-30 12:41:59.0 |ACTIVE     |BUSINESS  |
|kimfarm   |김사장      |010-1234-5678 |kimfarm1@gmail.com |제주특별자치도 제주시 첨단로 242  |610-44-14444     |2025-09-26 16:35:23.0 |ACTIVE     |BUSINESS  |
|user1     |일반인      |010-1234-1234 |kaka@kakao.com     |경남 함안군 칠북면 경남대로 2364 |null             |2025-09-19 15:12:11.0 |ACTIVE     |USER      |
|parkfarm  |박사장      |010-0000-0000 |park@naver.com     |대구 군위군 군위읍 경북대로 3080 |111-11-11111     |2025-09-17 17:47:26.0 |ACTIVE     |BUSINESS  |
|user      |유저       |010-1111-1234 |user@daum.net      |제주특별자치도 서귀포시 가가로 15  |                 |2025-09-16 14:35:33.0 |ACTIVE     |USER      |
|----------|---------|--------------|-------------------|---------------------|-----------------|----------------------|-----------|----------|
 
20251029 14:32:00.691 [http-nio-0.0.0.0-8080-exec-9] INFO j.resultsettable - 
|----------|---------|--------------|-------------------|---------------------|-----------------|----------------------|-----------|----------|
|mem_id    |mem_name |mem_tell      |mem_email          |mem_addr             |mem_business_num |join_date             |mem_status |mem_grade |
|----------|---------|--------------|-------------------|---------------------|-----------------|----------------------|-----------|----------|
|hongfarm  |홍사장      |010-0000-0002 |hong@gmail.com     |울산 남구 갈밭로 3          |010-00-00000     |2025-10-15 14:39:04.0 |ACTIVE     |BUSINESS  |
|police112 |단속반      |010-1112-1112 |null               |null                 |null             |2025-10-14 15:37:50.0 |ACTIVE     |USER      |
|dlfqks12  |김삿갓      |010-4711-7805 |undefined          |울산 남구 꽃대나리로 3        |null             |2025-10-14 14:50:06.0 |ACTIVE     |USER      |
|관리자       |관리자      |010-9999-9999 |githerb@gmail.com  |서울                   |000-00-00000     |2025-10-10 10:50:56.0 |ACTIVE     |ADMIN     |
|good      |굿팜       |010-0000-0001 |good@naver.com     |경기 성남시 분당구 판교역로 166  |680-04-94911     |2025-10-10 10:22:58.0 |ACTIVE     |BUSINESS  |
|leefarm   |이사장      |010-1111-1112 |lee@gmail.com      |부산 수영구 광안해변로 9       |123-11-12312     |2025-09-30 12:41:59.0 |ACTIVE     |BUSINESS  |
|kimfarm   |김사장      |010-1234-5678 |kimfarm1@gmail.com |제주특별자치도 제주시 첨단로 242  |610-44-14444     |2025-09-26 16:35:23.0 |ACTIVE     |BUSINESS  |
|user1     |일반인      |010-1234-1234 |kaka@kakao.com     |경남 함안군 칠북면 경남대로 2364 |null             |2025-09-19 15:12:11.0 |ACTIVE     |USER      |
|parkfarm  |박사장      |010-0000-0000 |park@naver.com     |대구 군위군 군위읍 경북대로 3080 |111-11-11111     |2025-09-17 17:47:26.0 |ACTIVE     |BUSINESS  |
|user      |유저       |010-1111-1234 |user@daum.net      |제주특별자치도 서귀포시 가가로 15  |                 |2025-09-16 14:35:33.0 |ACTIVE     |USER      |
|----------|---------|--------------|-------------------|---------------------|-----------------|----------------------|-----------|----------|
 
20251029 14:32:00.692 [http-nio-0.0.0.0-8080-exec-10] DEBUG j.sqltiming -  com.zaxxer.hikari.pool.ProxyPreparedStatement.execute(ProxyPreparedStatement.java:44)
2. SELECT
            PROFILE_NO,
            MEM_ID,
            PROFILE_IMAGE_URL,
            PROFILE_IMAGE_NAME,
            UPLOAD_DATE
        FROM
            member_profile
        WHERE
            MEM_ID = 'hongfarm'
        ORDER BY UPLOAD_DATE DESC
        LIMIT 1
 {executed in 1 msec} 
20251029 14:32:00.692 [http-nio-0.0.0.0-8080-exec-9] DEBUG j.sqltiming -  com.zaxxer.hikari.pool.ProxyPreparedStatement.execute(ProxyPreparedStatement.java:44)
1. SELECT
            PROFILE_NO,
            MEM_ID,
            PROFILE_IMAGE_URL,
            PROFILE_IMAGE_NAME,
            UPLOAD_DATE
        FROM
            member_profile
        WHERE
            MEM_ID = 'hongfarm'
        ORDER BY UPLOAD_DATE DESC
        LIMIT 1
 {executed in 1 msec} 
20251029 14:32:00.692 [http-nio-0.0.0.0-8080-exec-10] INFO j.resultsettable - 
|-----------|---------|--------------------------------------------|------------------------------------------|----------------------|
|profile_no |mem_id   |profile_image_url                           |profile_image_name                        |upload_date           |
|-----------|---------|--------------------------------------------|------------------------------------------|----------------------|
|47         |hongfarm |/upload/profile/hongfarm_1761703569095.jpeg |d001d3f1-191e-4eb8-8c01-254244a41b91.jpeg |2025-10-29 11:06:09.0 |
|-----------|---------|--------------------------------------------|------------------------------------------|----------------------|
 
20251029 14:32:00.692 [http-nio-0.0.0.0-8080-exec-9] INFO j.resultsettable - 
|-----------|---------|--------------------------------------------|------------------------------------------|----------------------|
|profile_no |mem_id   |profile_image_url                           |profile_image_name                        |upload_date           |
|-----------|---------|--------------------------------------------|------------------------------------------|----------------------|
|47         |hongfarm |/upload/profile/hongfarm_1761703569095.jpeg |d001d3f1-191e-4eb8-8c01-254244a41b91.jpeg |2025-10-29 11:06:09.0 |
|-----------|---------|--------------------------------------------|------------------------------------------|----------------------|
 
20251029 14:32:00.692 [http-nio-0.0.0.0-8080-exec-10] DEBUG j.sqltiming -  com.zaxxer.hikari.pool.ProxyPreparedStatement.execute(ProxyPreparedStatement.java:44)
2. SELECT
            PROFILE_NO,
            MEM_ID,
            PROFILE_IMAGE_URL,
            PROFILE_IMAGE_NAME,
            UPLOAD_DATE
        FROM
            member_profile
        WHERE
            MEM_ID = 'police112'
        ORDER BY UPLOAD_DATE DESC
        LIMIT 1
 {executed in 0 msec} 
20251029 14:32:00.692 [http-nio-0.0.0.0-8080-exec-9] DEBUG j.sqltiming -  com.zaxxer.hikari.pool.ProxyPreparedStatement.execute(ProxyPreparedStatement.java:44)
1. SELECT
            PROFILE_NO,
            MEM_ID,
            PROFILE_IMAGE_URL,
            PROFILE_IMAGE_NAME,
            UPLOAD_DATE
        FROM
            member_profile
        WHERE
            MEM_ID = 'police112'
        ORDER BY UPLOAD_DATE DESC
        LIMIT 1
 {executed in 0 msec} 
20251029 14:32:00.692 [http-nio-0.0.0.0-8080-exec-10] INFO j.resultsettable - 
|-----------|----------|---------------------------------------------|------------------------------------------|----------------------|
|profile_no |mem_id    |profile_image_url                            |profile_image_name                        |upload_date           |
|-----------|----------|---------------------------------------------|------------------------------------------|----------------------|
|51         |police112 |/upload/profile/police112_1761703734033.jpeg |5128edd1-384a-4a92-bcee-7fba14cebf3b.jpeg |2025-10-29 11:08:54.0 |
|-----------|----------|---------------------------------------------|------------------------------------------|----------------------|
 
20251029 14:32:00.692 [http-nio-0.0.0.0-8080-exec-9] INFO j.resultsettable - 
|-----------|----------|---------------------------------------------|------------------------------------------|----------------------|
|profile_no |mem_id    |profile_image_url                            |profile_image_name                        |upload_date           |
|-----------|----------|---------------------------------------------|------------------------------------------|----------------------|
|51         |police112 |/upload/profile/police112_1761703734033.jpeg |5128edd1-384a-4a92-bcee-7fba14cebf3b.jpeg |2025-10-29 11:08:54.0 |
|-----------|----------|---------------------------------------------|------------------------------------------|----------------------|
 
20251029 14:32:00.693 [http-nio-0.0.0.0-8080-exec-10] DEBUG j.sqltiming -  com.zaxxer.hikari.pool.ProxyPreparedStatement.execute(ProxyPreparedStatement.java:44)
2. SELECT
            PROFILE_NO,
            MEM_ID,
            PROFILE_IMAGE_URL,
            PROFILE_IMAGE_NAME,
            UPLOAD_DATE
        FROM
            member_profile
        WHERE
            MEM_ID = 'dlfqks12'
        ORDER BY UPLOAD_DATE DESC
        LIMIT 1
 {executed in 1 msec} 
20251029 14:32:00.693 [http-nio-0.0.0.0-8080-exec-9] DEBUG j.sqltiming -  com.zaxxer.hikari.pool.ProxyPreparedStatement.execute(ProxyPreparedStatement.java:44)
1. SELECT
            PROFILE_NO,
            MEM_ID,
            PROFILE_IMAGE_URL,
            PROFILE_IMAGE_NAME,
            UPLOAD_DATE
        FROM
            member_profile
        WHERE
            MEM_ID = 'dlfqks12'
        ORDER BY UPLOAD_DATE DESC
        LIMIT 1
 {executed in 1 msec} 
20251029 14:32:00.693 [http-nio-0.0.0.0-8080-exec-10] INFO j.resultsettable - 
|-----------|---------|--------------------------------------------|------------------------------------------|----------------------|
|profile_no |mem_id   |profile_image_url                           |profile_image_name                        |upload_date           |
|-----------|---------|--------------------------------------------|------------------------------------------|----------------------|
|50         |dlfqks12 |/upload/profile/dlfqks12_1761703709974.jpeg |4f4e3bcc-31d7-4c21-80fa-aaf382e8c67b.jpeg |2025-10-29 11:08:29.0 |
|-----------|---------|--------------------------------------------|------------------------------------------|----------------------|
 
20251029 14:32:00.693 [http-nio-0.0.0.0-8080-exec-9] INFO j.resultsettable - 
|-----------|---------|--------------------------------------------|------------------------------------------|----------------------|
|profile_no |mem_id   |profile_image_url                           |profile_image_name                        |upload_date           |
|-----------|---------|--------------------------------------------|------------------------------------------|----------------------|
|50         |dlfqks12 |/upload/profile/dlfqks12_1761703709974.jpeg |4f4e3bcc-31d7-4c21-80fa-aaf382e8c67b.jpeg |2025-10-29 11:08:29.0 |
|-----------|---------|--------------------------------------------|------------------------------------------|----------------------|
 
20251029 14:32:00.694 [http-nio-0.0.0.0-8080-exec-10] DEBUG j.sqltiming -  com.zaxxer.hikari.pool.ProxyPreparedStatement.execute(ProxyPreparedStatement.java:44)
2. SELECT
            PROFILE_NO,
            MEM_ID,
            PROFILE_IMAGE_URL,
            PROFILE_IMAGE_NAME,
            UPLOAD_DATE
        FROM
            member_profile
        WHERE
            MEM_ID = '관리자'
        ORDER BY UPLOAD_DATE DESC
        LIMIT 1
 {executed in 1 msec} 
20251029 14:32:00.694 [http-nio-0.0.0.0-8080-exec-9] DEBUG j.sqltiming -  com.zaxxer.hikari.pool.ProxyPreparedStatement.execute(ProxyPreparedStatement.java:44)
1. SELECT
            PROFILE_NO,
            MEM_ID,
            PROFILE_IMAGE_URL,
            PROFILE_IMAGE_NAME,
            UPLOAD_DATE
        FROM
            member_profile
        WHERE
            MEM_ID = '관리자'
        ORDER BY UPLOAD_DATE DESC
        LIMIT 1
 {executed in 1 msec} 
20251029 14:32:00.694 [http-nio-0.0.0.0-8080-exec-10] INFO j.resultsettable - 
|-----------|-------|---------------------------------------|------------------------------------------|----------------------|
|profile_no |mem_id |profile_image_url                      |profile_image_name                        |upload_date           |
|-----------|-------|---------------------------------------|------------------------------------------|----------------------|
|45         |관리자    |/upload/profile/관리자_1761703462948.jpeg |4e1c2d56-73e6-47f7-a752-2b710256abe2.jpeg |2025-10-29 11:04:22.0 |
|-----------|-------|---------------------------------------|------------------------------------------|----------------------|
 
20251029 14:32:00.694 [http-nio-0.0.0.0-8080-exec-9] INFO j.resultsettable - 
|-----------|-------|---------------------------------------|------------------------------------------|----------------------|
|profile_no |mem_id |profile_image_url                      |profile_image_name                        |upload_date           |
|-----------|-------|---------------------------------------|------------------------------------------|----------------------|
|45         |관리자    |/upload/profile/관리자_1761703462948.jpeg |4e1c2d56-73e6-47f7-a752-2b710256abe2.jpeg |2025-10-29 11:04:22.0 |
|-----------|-------|---------------------------------------|------------------------------------------|----------------------|
 
20251029 14:32:00.695 [http-nio-0.0.0.0-8080-exec-10] DEBUG j.sqltiming -  com.zaxxer.hikari.pool.ProxyPreparedStatement.execute(ProxyPreparedStatement.java:44)
2. SELECT
            PROFILE_NO,
            MEM_ID,
            PROFILE_IMAGE_URL,
            PROFILE_IMAGE_NAME,
            UPLOAD_DATE
        FROM
            member_profile
        WHERE
            MEM_ID = 'good'
        ORDER BY UPLOAD_DATE DESC
        LIMIT 1
 {executed in 1 msec} 
20251029 14:32:00.695 [http-nio-0.0.0.0-8080-exec-9] DEBUG j.sqltiming -  com.zaxxer.hikari.pool.ProxyPreparedStatement.execute(ProxyPreparedStatement.java:44)
1. SELECT
            PROFILE_NO,
            MEM_ID,
            PROFILE_IMAGE_URL,
            PROFILE_IMAGE_NAME,
            UPLOAD_DATE
        FROM
            member_profile
        WHERE
            MEM_ID = 'good'
        ORDER BY UPLOAD_DATE DESC
        LIMIT 1
 {executed in 1 msec} 
20251029 14:32:00.695 [http-nio-0.0.0.0-8080-exec-10] INFO j.resultsettable - 
|-----------|-------|----------------------------------------|------------------------------------------|----------------------|
|profile_no |mem_id |profile_image_url                       |profile_image_name                        |upload_date           |
|-----------|-------|----------------------------------------|------------------------------------------|----------------------|
|46         |good   |/upload/profile/good_1761703524269.jpeg |e4fb2cac-1a34-4640-a316-7b152bd62112.jpeg |2025-10-29 11:05:24.0 |
|-----------|-------|----------------------------------------|------------------------------------------|----------------------|
 
20251029 14:32:00.695 [http-nio-0.0.0.0-8080-exec-9] INFO j.resultsettable - 
|-----------|-------|----------------------------------------|------------------------------------------|----------------------|
|profile_no |mem_id |profile_image_url                       |profile_image_name                        |upload_date           |
|-----------|-------|----------------------------------------|------------------------------------------|----------------------|
|46         |good   |/upload/profile/good_1761703524269.jpeg |e4fb2cac-1a34-4640-a316-7b152bd62112.jpeg |2025-10-29 11:05:24.0 |
|-----------|-------|----------------------------------------|------------------------------------------|----------------------|
 
20251029 14:32:00.696 [http-nio-0.0.0.0-8080-exec-10] DEBUG j.sqltiming -  com.zaxxer.hikari.pool.ProxyPreparedStatement.execute(ProxyPreparedStatement.java:44)
2. SELECT
            PROFILE_NO,
            MEM_ID,
            PROFILE_IMAGE_URL,
            PROFILE_IMAGE_NAME,
            UPLOAD_DATE
        FROM
            member_profile
        WHERE
            MEM_ID = 'leefarm'
        ORDER BY UPLOAD_DATE DESC
        LIMIT 1
 {executed in 0 msec} 
20251029 14:32:00.696 [http-nio-0.0.0.0-8080-exec-9] DEBUG j.sqltiming -  com.zaxxer.hikari.pool.ProxyPreparedStatement.execute(ProxyPreparedStatement.java:44)
1. SELECT
            PROFILE_NO,
            MEM_ID,
            PROFILE_IMAGE_URL,
            PROFILE_IMAGE_NAME,
            UPLOAD_DATE
        FROM
            member_profile
        WHERE
            MEM_ID = 'leefarm'
        ORDER BY UPLOAD_DATE DESC
        LIMIT 1
 {executed in 1 msec} 
20251029 14:32:00.696 [http-nio-0.0.0.0-8080-exec-10] INFO j.resultsettable - 
|-----------|--------|-------------------------------------------|------------------------------------------|----------------------|
|profile_no |mem_id  |profile_image_url                          |profile_image_name                        |upload_date           |
|-----------|--------|-------------------------------------------|------------------------------------------|----------------------|
|44         |leefarm |/upload/profile/leefarm_1761703430713.jpeg |ab2e8b13-1966-4fbb-844c-b59d078520f4.jpeg |2025-10-29 11:03:50.0 |
|-----------|--------|-------------------------------------------|------------------------------------------|----------------------|
 
20251029 14:32:00.696 [http-nio-0.0.0.0-8080-exec-9] INFO j.resultsettable - 
|-----------|--------|-------------------------------------------|------------------------------------------|----------------------|
|profile_no |mem_id  |profile_image_url                          |profile_image_name                        |upload_date           |
|-----------|--------|-------------------------------------------|------------------------------------------|----------------------|
|44         |leefarm |/upload/profile/leefarm_1761703430713.jpeg |ab2e8b13-1966-4fbb-844c-b59d078520f4.jpeg |2025-10-29 11:03:50.0 |
|-----------|--------|-------------------------------------------|------------------------------------------|----------------------|
 
20251029 14:32:00.696 [http-nio-0.0.0.0-8080-exec-10] DEBUG j.sqltiming -  com.zaxxer.hikari.pool.ProxyPreparedStatement.execute(ProxyPreparedStatement.java:44)
2. SELECT
            PROFILE_NO,
            MEM_ID,
            PROFILE_IMAGE_URL,
            PROFILE_IMAGE_NAME,
            UPLOAD_DATE
        FROM
            member_profile
        WHERE
            MEM_ID = 'kimfarm'
        ORDER BY UPLOAD_DATE DESC
        LIMIT 1
 {executed in 0 msec} 
20251029 14:32:00.697 [http-nio-0.0.0.0-8080-exec-9] DEBUG j.sqltiming -  com.zaxxer.hikari.pool.ProxyPreparedStatement.execute(ProxyPreparedStatement.java:44)
1. SELECT
            PROFILE_NO,
            MEM_ID,
            PROFILE_IMAGE_URL,
            PROFILE_IMAGE_NAME,
            UPLOAD_DATE
        FROM
            member_profile
        WHERE
            MEM_ID = 'kimfarm'
        ORDER BY UPLOAD_DATE DESC
        LIMIT 1
 {executed in 1 msec} 
20251029 14:32:00.697 [http-nio-0.0.0.0-8080-exec-10] INFO j.resultsettable - 
|-----------|--------|-------------------------------------------|------------------------------------------|----------------------|
|profile_no |mem_id  |profile_image_url                          |profile_image_name                        |upload_date           |
|-----------|--------|-------------------------------------------|------------------------------------------|----------------------|
|1          |kimfarm |/upload/profile/kimfarm_1761703488019.jpeg |f9881ed8-a83a-40fe-9e8e-857a66e956cf.jpeg |2025-10-29 11:04:48.0 |
|-----------|--------|-------------------------------------------|------------------------------------------|----------------------|
 
20251029 14:32:00.697 [http-nio-0.0.0.0-8080-exec-9] INFO j.resultsettable - 
|-----------|--------|-------------------------------------------|------------------------------------------|----------------------|
|profile_no |mem_id  |profile_image_url                          |profile_image_name                        |upload_date           |
|-----------|--------|-------------------------------------------|------------------------------------------|----------------------|
|1          |kimfarm |/upload/profile/kimfarm_1761703488019.jpeg |f9881ed8-a83a-40fe-9e8e-857a66e956cf.jpeg |2025-10-29 11:04:48.0 |
|-----------|--------|-------------------------------------------|------------------------------------------|----------------------|
 
20251029 14:32:00.697 [http-nio-0.0.0.0-8080-exec-10] DEBUG j.sqltiming -  com.zaxxer.hikari.pool.ProxyPreparedStatement.execute(ProxyPreparedStatement.java:44)
2. SELECT
            PROFILE_NO,
            MEM_ID,
            PROFILE_IMAGE_URL,
            PROFILE_IMAGE_NAME,
            UPLOAD_DATE
        FROM
            member_profile
        WHERE
            MEM_ID = 'user1'
        ORDER BY UPLOAD_DATE DESC
        LIMIT 1
 {executed in 0 msec} 
20251029 14:32:00.698 [http-nio-0.0.0.0-8080-exec-10] INFO j.resultsettable - 
|-----------|-------|-----------------------------------------|------------------------------------------|----------------------|
|profile_no |mem_id |profile_image_url                        |profile_image_name                        |upload_date           |
|-----------|-------|-----------------------------------------|------------------------------------------|----------------------|
|49         |user1  |/upload/profile/user1_1761703621470.jpeg |ded44f99-7139-4755-a3b9-e5f2a9b9082e.jpeg |2025-10-29 11:07:01.0 |
|-----------|-------|-----------------------------------------|------------------------------------------|----------------------|
 
20251029 14:32:00.698 [http-nio-0.0.0.0-8080-exec-9] DEBUG j.sqltiming -  com.zaxxer.hikari.pool.ProxyPreparedStatement.execute(ProxyPreparedStatement.java:44)
1. SELECT
            PROFILE_NO,
            MEM_ID,
            PROFILE_IMAGE_URL,
            PROFILE_IMAGE_NAME,
            UPLOAD_DATE
        FROM
            member_profile
        WHERE
            MEM_ID = 'user1'
        ORDER BY UPLOAD_DATE DESC
        LIMIT 1
 {executed in 1 msec} 
20251029 14:32:00.698 [http-nio-0.0.0.0-8080-exec-9] INFO j.resultsettable - 
|-----------|-------|-----------------------------------------|------------------------------------------|----------------------|
|profile_no |mem_id |profile_image_url                        |profile_image_name                        |upload_date           |
|-----------|-------|-----------------------------------------|------------------------------------------|----------------------|
|49         |user1  |/upload/profile/user1_1761703621470.jpeg |ded44f99-7139-4755-a3b9-e5f2a9b9082e.jpeg |2025-10-29 11:07:01.0 |
|-----------|-------|-----------------------------------------|------------------------------------------|----------------------|
 
20251029 14:32:00.698 [http-nio-0.0.0.0-8080-exec-10] DEBUG j.sqltiming -  com.zaxxer.hikari.pool.ProxyPreparedStatement.execute(ProxyPreparedStatement.java:44)
2. SELECT
            PROFILE_NO,
            MEM_ID,
            PROFILE_IMAGE_URL,
            PROFILE_IMAGE_NAME,
            UPLOAD_DATE
        FROM
            member_profile
        WHERE
            MEM_ID = 'parkfarm'
        ORDER BY UPLOAD_DATE DESC
        LIMIT 1
 {executed in 0 msec} 
20251029 14:32:00.703 [http-nio-0.0.0.0-8080-exec-10] INFO j.resultsettable - 
|-----------|---------|--------------------------------------------|------------------------------------------|----------------------|
|profile_no |mem_id   |profile_image_url                           |profile_image_name                        |upload_date           |
|-----------|---------|--------------------------------------------|------------------------------------------|----------------------|
|3          |parkfarm |/upload/profile/parkfarm_1761699798259.jpeg |3759576c-4d89-492f-9a42-cf2fb14c85e1.jpeg |2025-10-29 10:03:18.0 |
|-----------|---------|--------------------------------------------|------------------------------------------|----------------------|
 
20251029 14:32:00.703 [http-nio-0.0.0.0-8080-exec-9] DEBUG j.sqltiming -  com.zaxxer.hikari.pool.ProxyPreparedStatement.execute(ProxyPreparedStatement.java:44)
1. SELECT
            PROFILE_NO,
            MEM_ID,
            PROFILE_IMAGE_URL,
            PROFILE_IMAGE_NAME,
            UPLOAD_DATE
        FROM
            member_profile
        WHERE
            MEM_ID = 'parkfarm'
        ORDER BY UPLOAD_DATE DESC
        LIMIT 1
 {executed in 5 msec} 
20251029 14:32:00.703 [http-nio-0.0.0.0-8080-exec-9] INFO j.resultsettable - 
|-----------|---------|--------------------------------------------|------------------------------------------|----------------------|
|profile_no |mem_id   |profile_image_url                           |profile_image_name                        |upload_date           |
|-----------|---------|--------------------------------------------|------------------------------------------|----------------------|
|3          |parkfarm |/upload/profile/parkfarm_1761699798259.jpeg |3759576c-4d89-492f-9a42-cf2fb14c85e1.jpeg |2025-10-29 10:03:18.0 |
|-----------|---------|--------------------------------------------|------------------------------------------|----------------------|
 
20251029 14:32:00.704 [http-nio-0.0.0.0-8080-exec-10] DEBUG j.sqltiming -  com.zaxxer.hikari.pool.ProxyPreparedStatement.execute(ProxyPreparedStatement.java:44)
2. SELECT
            PROFILE_NO,
            MEM_ID,
            PROFILE_IMAGE_URL,
            PROFILE_IMAGE_NAME,
            UPLOAD_DATE
        FROM
            member_profile
        WHERE
            MEM_ID = 'user'
        ORDER BY UPLOAD_DATE DESC
        LIMIT 1
 {executed in 1 msec} 
20251029 14:32:00.704 [http-nio-0.0.0.0-8080-exec-9] DEBUG j.sqltiming -  com.zaxxer.hikari.pool.ProxyPreparedStatement.execute(ProxyPreparedStatement.java:44)
1. SELECT
            PROFILE_NO,
            MEM_ID,
            PROFILE_IMAGE_URL,
            PROFILE_IMAGE_NAME,
            UPLOAD_DATE
        FROM
            member_profile
        WHERE
            MEM_ID = 'user'
        ORDER BY UPLOAD_DATE DESC
        LIMIT 1
 {executed in 0 msec} 
20251029 14:32:00.704 [http-nio-0.0.0.0-8080-exec-10] INFO j.resultsettable - 
|-----------|-------|----------------------------------------|------------------------------------------|----------------------|
|profile_no |mem_id |profile_image_url                       |profile_image_name                        |upload_date           |
|-----------|-------|----------------------------------------|------------------------------------------|----------------------|
|48         |user   |/upload/profile/user_1761703595515.jpeg |e5f028cb-92bc-4e33-bf32-b9d1ae72b74e.jpeg |2025-10-29 11:06:35.0 |
|-----------|-------|----------------------------------------|------------------------------------------|----------------------|
 
20251029 14:32:00.704 [http-nio-0.0.0.0-8080-exec-9] INFO j.resultsettable - 
|-----------|-------|----------------------------------------|------------------------------------------|----------------------|
|profile_no |mem_id |profile_image_url                       |profile_image_name                        |upload_date           |
|-----------|-------|----------------------------------------|------------------------------------------|----------------------|
|48         |user   |/upload/profile/user_1761703595515.jpeg |e5f028cb-92bc-4e33-bf32-b9d1ae72b74e.jpeg |2025-10-29 11:06:35.0 |
|-----------|-------|----------------------------------------|------------------------------------------|----------------------|
 
